Bucket 's3://$BUCKET/' created
^(.*) $BUCKET$
Bucket 's3://$BUCKET/' removed
