Bucket 's3://$BUCKET/' created
"checksum.type" set to:"md5" (was:"xxhash")

Bucket props successfully updated.
testfile 11.29MiB
Bucket 's3://$BUCKET/' removed
