^.*$RANDOM_TARGET.*now detached.*$
^.*$RANDOM_TARGET.*now attached.*$
