"ais://$BUCKET_1" created
"mirror.enabled" set to:"true" (was:"false")

Bucket props successfully updated.
PROPERTY	     VALUE
access           GET,HEAD-OBJECT,PUT,APPEND,DELETE-OBJECT,MOVE-OBJECT,PROMOTE,UPDATE-OBJECT,HEAD-BUCKET,LIST-OBJECTS,PATCH,SET-BUCKET-ACL,LIST-BUCKETS,SHOW-CLUSTER,CREATE-BUCKET,DESTROY-BUCKET,MOVE-BUCKET,ADMIN
^.*checksum	 Type: xxhash | Validate:.*$
^.*created.*$
ec		 Disabled
lru		 Disabled
mirror		 2 copies
present	 	 yes
provider	 ais
versioning	 Enabled | Validate on WarmGET: no
Bucket props successfully reset to cluster defaults
"versioning.validate_warm_get" set to:"true" (was:"false")

Bucket props successfully updated.
 PROPERTY	 VALUE
access           GET,HEAD-OBJECT,PUT,APPEND,DELETE-OBJECT,MOVE-OBJECT,PROMOTE,UPDATE-OBJECT,HEAD-BUCKET,LIST-OBJECTS,PATCH,SET-BUCKET-ACL,LIST-BUCKETS,SHOW-CLUSTER,CREATE-BUCKET,DESTROY-BUCKET,MOVE-BUCKET,ADMIN
^.*checksum	 Type: xxhash | Validate:.*$
^.*created.*$
ec		     Disabled
lru		     Disabled
mirror		 Disabled
present	 	 yes
provider	 ais
versioning	 Enabled | Validate on WarmGET: yes
PROPERTY		        VALUE
lru.capacity_upd_time	        10m
lru.dont_evict_time	        2h0m
lru.enabled     	        false
Bucket "ais://$BUCKET_1" already has the same values of props, nothing to do
