"ais://$BUCKET_1" created
"ais://$BUCKET_2" created
NAME             OBJECTS (cached, remote)    OBJECT SIZES (min, avg, max)    TOTAL OBJECT SIZE (cached, remote)    USAGE(%)
ais://$BUCKET_1  0 0                         0B    0B    0B                  0B  0B                                0%
NAME             OBJECTS (cached, remote)    OBJECT SIZES (min, avg, max)    TOTAL OBJECT SIZE (cached, remote)    USAGE(%)
ais://$BUCKET_1  150 0                       2.50KiB  2.50KiB   2.50KiB      375.00KiB  0B                         0%
NAME             OBJECTS (cached, remote)    OBJECT SIZES (min, avg, max)    TOTAL OBJECT SIZE (cached, remote)    USAGE(%)
^ais://$BUCKET_2  20 0.*$
