"ais://$BUCKET" created

Created ais://$BUCKET/object.txt (size 20B)
0123456789abcdefghi

Created ais://$BUCKET/object1.txt (size 7B)
012345
