"ais://$BUCKET_1" created
"ais://$BUCKET_2" created
^Copying ais://$BUCKET_1 => ais://$BUCKET_2. To monitor.*$
^Waiting for.*$
^No running.*$
