Listed 500 names
Listed 490 names
Listed 490 names
Listed 480 names
Listed 480 names
