"ais://$BUCKET_1" created
Bucket "ais://$BUCKET_1" already exists
"ais://$BUCKET_1" destroyed
"ais://$BUCKET_1" created
"ais://$BUCKET_1" destroyed
"ais://$BUCKET_1" created
"ais://$BUCKET_2" created
"ais://$BUCKET_2" destroyed
"ais://$BUCKET_3" created
"ais://#ml/$BUCKET_1" created
