^*.ais://$BUCKET_1*.created$
^PUT.*=> ais://$BUCKET_1/object_1.txt$

COMMUNICATION TYPE:  hpush://
ARGUMENT TYPE:
Hello World!
^ETL\[etl.*\]stopped$
COMMUNICATION TYPE:  hpush://
ARGUMENT TYPE: fqn
Hello World!
^ETL\[etl.*\]stopped$
