"ais://$BUCKET_1" created
^PUT.*=> ais://$BUCKET_1/object_1.txt$

^GET object_1.txt from ais://$BUCKET_1.*$
11
^GET object_1.txt from ais://$BUCKET_1.*$
11
^GET object_1.txt from ais://$BUCKET_1.*$
11
^GET test0/0/test.txt from ais://$BUCKET_1.*$
^GET test0/1/test.txt from ais://$BUCKET_1.*$
^GET test0/2/test.txt from ais://$BUCKET_1.*$
^GET test1/0/test.txt from ais://$BUCKET_1.*$
^GET test1/1/test.txt from ais://$BUCKET_1.*$
^GET test1/2/test.txt from ais://$BUCKET_1.*$
^GET test2/0/test.txt from ais://$BUCKET_1.*$
^GET test2/1/test.txt from ais://$BUCKET_1.*$
^GET test2/2/test.txt from ais://$BUCKET_1.*$
9
2 2
2 2
