NAME			 SIZE
tmp/shard-0.tar		 2.50KiB
tmp/shard-1.tar		 2.50KiB
tmp/shard-2.tar		 2.50KiB
tmp/shard-3.tar		 2.50KiB
tmp/shard-4.tar		 2.50KiB
NAME			 SIZE
tmp/shard-0.tar		 2.50KiB
tmp/shard-1.tar		 2.50KiB
tmp/shard-2.tar		 2.50KiB
tmp/shard-3.tar		 2.50KiB
tmp/shard-4.tar		 2.50KiB
NAME			 SIZE
tmp/shard-0.tar		 2.50KiB
tmp/shard-1.tar		 2.50KiB
tmp/shard-2.tar		 2.50KiB
tmp/shard-3.tar		 2.50KiB
tmp/shard-4.tar		 2.50KiB
NAME			 SIZE	 VERSION
tmp/shard-0.tar		 2.50KiB	 1
tmp/shard-1.tar		 2.50KiB	 1
tmp/shard-2.tar		 2.50KiB	 1
tmp/shard-3.tar		 2.50KiB	 1
tmp/shard-4.tar		 2.50KiB	 1
NAME			 SIZE	 VERSION
tmp/shard-0.tar		 2.50KiB	 1
tmp/shard-1.tar		 2.50KiB	 1
tmp/shard-2.tar		 2.50KiB	 1
tmp/shard-3.tar		 2.50KiB	 1
tmp/shard-4.tar		 2.50KiB	 1
NAME	 SIZE		 CHECKSUM	 ATIME	 VERSION	COPIES CUSTOM	LOCATION       STATUS
^tmp/shard-0.tar	 2.50KiB	 (.*)	 .{16}	 1	1	-	t(.*):mp(.*)   ok$
^tmp/shard-1.tar	 2.50KiB	 (.*)	 .{16}	 1	1	-	t(.*):mp(.*)   ok$
^tmp/shard-2.tar	 2.50KiB	 (.*)	 .{16}	 1	1	-	t(.*):mp(.*)   ok$
^tmp/shard-3.tar	 2.50KiB	 (.*)	 .{16}	 1	1	-	t(.*):mp(.*)   ok$
^tmp/shard-4.tar	 2.50KiB	 (.*)	 .{16}	 1	1	-	t(.*):mp(.*)   ok$
NAME			 SIZE
tmp/shard-0.tar		 2.50KiB
tmp/shard-1.tar		 2.50KiB
tmp/shard-2.tar		 2.50KiB
tmp/shard-3.tar		 2.50KiB
tmp/shard-4.tar		 2.50KiB
