^Downloading.*$
Done
^Downloading.*tar.gz$
Done
^Downloading.*$
Done
