"ais://$BUCKET_1" created
^PUT.*=> ais://$BUCKET_1/rand.txt$

^PUT.*=> ais://$BUCKET_1/object_1.txt$

^PUT.*=> ais://$BUCKET_1/cksum$

^PUT.*=> ais://$BUCKET_1/cksum$

^PUT.*=> ais://$BUCKET_1/cksum$

^PUT.*=> ais://$BUCKET_1/cksum$

^PUT.*=> ais://$BUCKET_1/cksum$

^PUT.*=> ais://$BUCKET_1/cksum$

^PUT.*=> ais://$BUCKET_1/object_2.txt$

NAME			 SIZE	 VERSION
cksum		 11B	 4
object_1.txt		 11B	 1
object_2.txt		 11B	 1
rand.txt 30.49MiB 1
^PUT.*=> ais://$BUCKET_1/object_1.txt$

^PUT.*=> ais://$BUCKET_1/object_3.txt$

NAME			 SIZE	 VERSION
cksum		 11B	 4
object_1.txt		 2B  2
object_2.txt		 11B     1
object_3.txt         11B     1
rand.txt 30.49MiB 1
"ais://$BUCKET_2" created
^GET.*from ais://$BUCKET_2.*$
^GET.*$
^GET.*$
^GET.*$
^GET.*$
^GET.*$
^GET.*$
^GET.*$
^GET.*$
^GET.*$
^GET.*$
^GET.*$
^GET.*$
^GET.*$
^GET.*$
^GET.*$
^GET.*$
^GET.*$
^GET.*$
^GET.*$
^GET.*$
^GET.*$
^GET.*$
^GET.*$
^GET.*$
25
^GET.*from ais://$BUCKET_2.*$
^GET.*$
^GET.*$
^GET.*$
^GET.*$
^GET.*$
^GET.*$
^GET.*$
^GET.*$
^GET.*$
^GET.*$
^GET.*$
^GET.*$
^GET.*$
^GET.*$
^GET.*$
^GET.*$
^GET.*$
^GET.*$
^GET.*$
^GET.*$
^GET.*$
^GET.*$
^GET.*$
^GET.*$
25
"ais://$BUCKET_3" created
^GET.*from ais://$BUCKET_3.*$
^GET.*$
^GET.*$
^GET.*$
^GET.*$
^GET.*$
^GET.*$
^GET.*$
^GET.*$
9
^GET.*from ais://$BUCKET_3.*$
^GET.*$
^GET.*$
^GET.*$
^GET.*$
^GET.*$
^GET.*$
^GET.*$
^GET.*$
9
"ais://$BUCKET_4" created
^GET.*from ais://$BUCKET_4.*$
^GET.*$
^GET.*$
^GET.*$
^GET.*$
^GET.*$
^GET.*$
^GET.*$
^GET.*$
^GET.*$
^GET.*$
^GET.*$
^GET.*$
^GET.*$
^GET.*$
^GET.*$
^GET.*$
^GET.*$
^GET.*$
^GET.*$
^GET.*$
^GET.*$
^GET.*$
^GET.*$
^GET.*$
25
^GET.*from ais://$BUCKET_4.*$
^GET.*$
^GET.*$
^GET.*$
^GET.*$
^GET.*$
^GET.*$
^GET.*$
^GET.*$
^GET.*$
^GET.*$
^GET.*$
^GET.*$
^GET.*$
^GET.*$
^GET.*$
^GET.*$
^GET.*$
^GET.*$
^GET.*$
^GET.*$
^GET.*$
^GET.*$
^GET.*$
^GET.*$
25
"ais://$BUCKET_5" created
^GET.*from ais://$BUCKET_5.*$
^GET.*$
^GET.*$
^GET.*$
^GET.*$
^GET.*$
^GET.*$
^GET.*$
^GET.*$
^GET.*$
^GET.*$
^GET.*$
^GET.*$
^GET.*$
^GET.*$
^GET.*$
^GET.*$
^GET.*$
^GET.*$
^GET.*$
^GET.*$
^GET.*$
^GET.*$
^GET.*$
^GET.*$
25
^GET.*$
^GET.*$
^GET.*$
^GET.*$
^GET.*$
^GET.*$
^GET.*$
^GET.*$
^GET.*$
^GET.*$
^GET.*$
^GET.*$
^GET.*$
^GET.*$
^GET.*$
^GET.*$
^GET.*$
^GET.*$
^GET.*$
^GET.*$
^GET.*$
^GET.*$
^GET.*$
^GET.*$
^GET.*$
25
