"ais://$BUCKET_1" created
"ais://$BUCKET_1" destroyed
